exports[`App snapshots 1`] = `
<div
  className="page">
  <div
    className="interactions">
    <form
      onSubmit={[Function]}>
      <input
        onChange={[Function]}
        type="text"
        value="redux" />
      <button
        type="submit">
        Search
      </button>
    </form>
  </div>
  <div
    className="table" />
  <div
    className="interactions">
    <button
      className=""
      onClick={[Function]}
      type="button">
      More
    </button>
  </div>
</div>
`;

exports[`SubmitButton snapshot 1`] = `
<button
  className=""
  onClick={undefined}
  type="button">
  Give Me More
</button>
`;

exports[`Table snapshots 1`] = `
<div
  className="table">
  <div
    className="table-row">
    <span
      style={
        Object {
          "largeColumn": Object {
            "width": "40%",
          },
        }
      }>
      <a
        href={undefined}>
        1
      </a>
    </span>
    <span
      style={
        Object {
          "midColumn": Object {
            "width": "30%",
          },
        }
      }>
      1
    </span>
    <span
      style={
        Object {
          "smallColumn": Object {
            "width": "10%",
          },
        }
      }>
      1
    </span>
    <span
      style={
        Object {
          "smallColumn": Object {
            "width": "10%",
          },
        }
      }>
      2
    </span>
    <span
      style={
        Object {
          "smallColumn": Object {
            "width": "10%",
          },
        }
      }>
      <button
        className="button-inline"
        onClick={[Function]}>
        Dismiss
      </button>
    </span>
  </div>
  <div
    className="table-row">
    <span
      style={
        Object {
          "largeColumn": Object {
            "width": "40%",
          },
        }
      }>
      <a
        href={undefined}>
        2
      </a>
    </span>
    <span
      style={
        Object {
          "midColumn": Object {
            "width": "30%",
          },
        }
      }>
      2
    </span>
    <span
      style={
        Object {
          "smallColumn": Object {
            "width": "10%",
          },
        }
      }>
      1
    </span>
    <span
      style={
        Object {
          "smallColumn": Object {
            "width": "10%",
          },
        }
      }>
      2
    </span>
    <span
      style={
        Object {
          "smallColumn": Object {
            "width": "10%",
          },
        }
      }>
      <button
        className="button-inline"
        onClick={[Function]}>
        Dismiss
      </button>
    </span>
  </div>
</div>
`;
